Reference SampleID	Aligned SampleID	TaxonError	a	b	alpha	beta	overlap	Taxa Names	Alignment Scores (SSD)
102	1	0.003847694904241423	0.67	5.0	9.0	35.82	0.7888235294117647	HMDB02820	0.2892420748128466	HMDB00101	0.19290767391100644	HMDB00883	0.03234709450839525	HMDB02172	0.3758474730654372	HMDB00159	0.29734577247705424	HMDB01991	0.08096819811195298	HMDB01257	0.030013409529269973	HMDB01539*	0.014706260984665627	HMDB00172	0.06835615346523694	HMDB02322	0.01540857830368364	HMDB13253	0.022511345722366065	HMDB04610	0.0009243140258566971
